assets by status 1.03 MiB [1m[32m[cached][39m[22m 60 assets
assets by status 13.8 MiB [1m[33m[compared for emit][39m[22m
  assets by chunk 5.63 MiB (id hint: vendors)
    asset [1m[32mvendors-node_modules_mermaid-js_parser_dist_mermaid-parser_core_mjs.bundle.js[39m[22m 2.08 MiB [1m[33m[compared for emit][39m[22m (id hint: vendors) 1 related asset
    asset [1m[32mvendors-node_modules_cytoscape_dist_cytoscape_esm_mjs.bundle.js[39m[22m 1.05 MiB [1m[33m[compared for emit][39m[22m (id hint: vendors) 1 related asset
    asset [1m[32mvendors-node_modules_mermaid_dist_chunks_mermaid_core_architectureDiagram-VXUJARFQ_mjs.bundle.js[39m[22m 369 KiB [1m[33m[compared for emit][39m[22m (id hint: vendors) 1 related asset
    asset [1m[32mvendors-node_modules_dagre-d3-es_src_dagre_index_js.bundle.js[39m[22m 235 KiB [1m[33m[compared for emit][39m[22m (id hint: vendors) 1 related asset
    + 24 assets
  + 14 assets
orphan modules 4.06 MiB [1m[33m[orphan][39m[22m 2679 modules
runtime modules 8.48 KiB 13 modules
cacheable modules 10.4 MiB (javascript) 1.03 MiB (asset)
  javascript modules 10.4 MiB
    modules by path [1m./node_modules/[39m[22m 10.4 MiB 2397 modules
    modules by path [1m./src/[39m[22m 59.6 KiB 13 modules
  asset modules 1.03 MiB (asset) 2.46 KiB (javascript)
    modules by path [1m./node_modules/katex/dist/fonts/*.woff2[39m[22m 254 KiB (asset) 840 bytes (javascript) 20 modules
    modules by path [1m./node_modules/katex/dist/fonts/*.woff[39m[22m 296 KiB (asset) 840 bytes (javascript) 20 modules
    modules by path [1m./node_modules/katex/dist/fonts/*.ttf[39m[22m 502 KiB (asset) 840 bytes (javascript)
      [1m./node_modules/katex/dist/fonts/KaTeX_AMS-Regular.ttf[39m[22m 62.1 KiB (asset) 42 bytes (javascript) [1m[33m[built][39m[22m [1m[33m[code generated][39m[22m
      + 19 modules

[1m[31mERROR[39m[22m in [1m./node_modules/vscode-uri/lib/esm/index.mjs[39m[22m [1m[32m1:885-892[39m[22m
[1mModule [1m[31mnot found[39m[22m[1m: [1m[31mError[39m[22m[1m: Can't resolve 'process/browser' in 'C:\Dev\electron-chat\node_modules\vscode-uri\lib\esm'
[1m[32mDid you mean 'browser.js'?[39m[22m[1m
[1m[31mBREAKING CHANGE[39m[22m[1m: The request 'process/browser' [1m[31mfailed[39m[22m[1m to resolve only because it was resolved as fully specified
(probably because the origin is strict EcmaScript Module, e. g. a module with javascript mimetype, a '*.mjs' file, or a '*.js' file where the package.json contains '"type": "module"').
The extension in the request is mandatory for it to be fully specified.
Add the extension to the request.[39m[22m
resolve 'process/browser' in 'C:\Dev\electron-chat\node_modules\vscode-uri\lib\esm'
  Parsed request is a module
  using description file: C:\Dev\electron-chat\node_modules\vscode-uri\package.json (relative path: ./lib/esm)
    Field 'browser' doesn't contain a valid alias configuration
    resolve as module
[1m[31m      C:\Dev\electron-chat\node_modules\vscode-uri\lib\esm\node_modules doesn't exist[39m[22m or is not a directory
[1m[31m      C:\Dev\electron-chat\node_modules\vscode-uri\lib\node_modules doesn't exist[39m[22m or is not a directory
[1m[31m      C:\Dev\electron-chat\node_modules\vscode-uri\node_modules doesn't exist[39m[22m or is not a directory
[1m[31m      C:\Dev\electron-chat\node_modules\node_modules doesn't exist[39m[22m or is not a directory
      looking for modules in C:\Dev\electron-chat\node_modules
        existing directory C:\Dev\electron-chat\node_modules\process
          using description file: C:\Dev\electron-chat\node_modules\process\package.json (relative path: .)
            using description file: C:\Dev\electron-chat\node_modules\process\package.json (relative path: ./browser)
              Field 'browser' doesn't contain a valid alias configuration
[1m[31m              C:\Dev\electron-chat\node_modules\process\browser doesn't exist[39m[22m
[1m[31m      C:\Dev\node_modules doesn't exist[39m[22m or is not a directory
[1m[31m      C:\node_modules doesn't exist[39m[22m or is not a directory
 @ ./node_modules/langium/lib/utils/uri-utils.js 6:0-40 7:0-15 10:24-38 11:23-36 12:23-36 13:24-38 14:27-44 36:15-24
 @ ./node_modules/langium/lib/service-registry.js 6:0-48 53:20-36
 @ ./node_modules/langium/lib/index.js 10:0-38 10:0-38
 @ ./node_modules/@mermaid-js/parser/dist/chunks/mermaid-parser.core/chunk-LBM3YZW2.mjs 10:0-15:17 34:38-53 35:17-23 36:4-33 39:15-21 40:4-27
 @ ./node_modules/@mermaid-js/parser/dist/mermaid-parser.core.mjs 5:0-8:57 135:0-188:2 135:0-188:2
 @ ./node_modules/mermaid/dist/chunks/mermaid.core/diagram-PSM6KHXK.mjs 111:0-43 200:24-29
 @ ./node_modules/mermaid/dist/mermaid.core.mjs 565:38-90
 @ ./src/components/chat/MermaidBlock.jsx 5:0-30 8:0-18 33:18-32
 @ ./src/components/chat/MessageItem.jsx 16:0-42 279:50-62
 @ ./src/components/chat/MessageList.jsx 9:0-40 185:38-49
 @ ./src/pages/ChatPage.jsx 2:0-57 20:97-108
 @ ./src/App.jsx 5:0-40 126:56-64
 @ ./src/index.jsx 5:0-24 8:45-48

[1m[31mERROR[39m[22m in [1m./node_modules/vscode-uri/lib/esm/index.mjs[39m[22m
[1mCannot read properties of undefined (reading 'module')[39m[22m
TypeError: Cannot read properties of undefined (reading 'module')
    at ProvidedDependencyTemplate.apply (C:\Dev\electron-chat\node_modules\webpack\lib\dependencies\ProvidedDependency.js:132:61)
    at JavascriptGenerator.sourceDependency (C:\Dev\electron-chat\node_modules\webpack\lib\javascript\JavascriptGenerator.js:156:12)
    at JavascriptGenerator.sourceModule (C:\Dev\electron-chat\node_modules\webpack\lib\javascript\JavascriptGenerator.js:213:9)
    at JavascriptGenerator.generate (C:\Dev\electron-chat\node_modules\webpack\lib\javascript\JavascriptGenerator.js:260:8)
    at NormalModule.codeGeneration (C:\Dev\electron-chat\node_modules\webpack\lib\NormalModule.js:1542:17)
    at C:\Dev\electron-chat\node_modules\webpack\lib\Compilation.js:3741:22
    at C:\Dev\electron-chat\node_modules\webpack\lib\Cache.js:98:34
    at Array.<anonymous> (C:\Dev\electron-chat\node_modules\webpack\lib\cache\MemoryCachePlugin.js:44:13)
    at C:\Dev\electron-chat\node_modules\webpack\lib\Cache.js:98:19
    at Hook.eval [as callAsync] (eval at create (C:\Dev\electron-chat\node_modules\tapable\lib\HookCodeFactory.js:31:10), <anonymous>:19:1)
    at Cache.get (C:\Dev\electron-chat\node_modules\webpack\lib\Cache.js:82:18)
    at ItemCacheFacade.get (C:\Dev\electron-chat\node_modules\webpack\lib\CacheFacade.js:115:15)
    at Compilation._codeGenerationModule (C:\Dev\electron-chat\node_modules\webpack\lib\Compilation.js:3734:9)
    at C:\Dev\electron-chat\node_modules\webpack\lib\Compilation.js:3639:11
    at arrayIterator (C:\Dev\electron-chat\node_modules\neo-async\async.js:3467:9)
    at done (C:\Dev\electron-chat\node_modules\neo-async\async.js:3527:9)
    at C:\Dev\electron-chat\node_modules\webpack\lib\Compilation.js:3653:8
    at C:\Dev\electron-chat\node_modules\webpack\lib\Compilation.js:3767:6
    at C:\Dev\electron-chat\node_modules\webpack\lib\HookWebpackError.js:66:2
    at Hook.eval [as callAsync] (eval at create (C:\Dev\electron-chat\node_modules\tapable\lib\HookCodeFactory.js:31:10), <anonymous>:15:1)
    at Cache.store (C:\Dev\electron-chat\node_modules\webpack\lib\Cache.js:114:20)
    at ItemCacheFacade.store (C:\Dev\electron-chat\node_modules\webpack\lib\CacheFacade.js:141:15)
    at C:\Dev\electron-chat\node_modules\webpack\lib\Compilation.js:3766:11
    at C:\Dev\electron-chat\node_modules\webpack\lib\Cache.js:98:34
    at Array.<anonymous> (C:\Dev\electron-chat\node_modules\webpack\lib\cache\MemoryCachePlugin.js:44:13)
    at C:\Dev\electron-chat\node_modules\webpack\lib\Cache.js:98:19
    at Hook.eval [as callAsync] (eval at create (C:\Dev\electron-chat\node_modules\tapable\lib\HookCodeFactory.js:31:10), <anonymous>:19:1)
    at Cache.get (C:\Dev\electron-chat\node_modules\webpack\lib\Cache.js:82:18)
    at ItemCacheFacade.get (C:\Dev\electron-chat\node_modules\webpack\lib\CacheFacade.js:115:15)
    at Compilation._codeGenerationModule (C:\Dev\electron-chat\node_modules\webpack\lib\Compilation.js:3734:9)
    at C:\Dev\electron-chat\node_modules\webpack\lib\Compilation.js:3639:11
    at arrayIterator (C:\Dev\electron-chat\node_modules\neo-async\async.js:3467:9)
    at process.processTicksAndRejections (node:internal/process/task_queues:84:11)
 @ ./node_modules/langium/lib/utils/uri-utils.js 6:0-40 7:0-15 10:24-38 11:23-36 12:23-36 13:24-38 14:27-44 36:15-24
 @ ./node_modules/langium/lib/service-registry.js 6:0-48 53:20-36
 @ ./node_modules/langium/lib/index.js 10:0-38 10:0-38
 @ ./node_modules/@mermaid-js/parser/dist/chunks/mermaid-parser.core/chunk-LBM3YZW2.mjs 10:0-15:17 34:38-53 35:17-23 36:4-33 39:15-21 40:4-27
 @ ./node_modules/@mermaid-js/parser/dist/mermaid-parser.core.mjs 5:0-8:57 135:0-188:2 135:0-188:2
 @ ./node_modules/mermaid/dist/chunks/mermaid.core/diagram-PSM6KHXK.mjs 111:0-43 200:24-29
 @ ./node_modules/mermaid/dist/mermaid.core.mjs 565:38-90
 @ ./src/components/chat/MermaidBlock.jsx 5:0-30 8:0-18 33:18-32
 @ ./src/components/chat/MessageItem.jsx 16:0-42 279:50-62
 @ ./src/components/chat/MessageList.jsx 9:0-40 185:38-49
 @ ./src/pages/ChatPage.jsx 2:0-57 20:97-108
 @ ./src/App.jsx 5:0-40 126:56-64
 @ ./src/index.jsx 5:0-24 8:45-48

webpack 5.103.0 compiled with [1m[31m2 errors[39m[22m in 4993 ms
